"C:/Users/AndrewPC1/Documents/GitHub/CoreCam_Firmware/timing_controller/firmware/instrom.vhd=work"
"C:/Users/AndrewPC1/Documents/GitHub/CoreCam_Firmware/timing_controller/firmware/datarom.vhd=work"
"C:/Users/AndrewPC1/Documents/GitHub/CoreCam_Firmware/timing_controller/firmware/ucontroller.vhd=work"
"C:/Users/AndrewPC1/Documents/GitHub/CoreCam_Firmware/timing_controller/firmware/wb_to_timing_controller.vhd=work"
"C:/Users/AndrewPC1/Documents/GitHub/CoreCam_Firmware/timing_controller/firmware/led_blinker.vhd=work"
"C:/Users/AndrewPC1/Documents/GitHub/CoreCam_Firmware/timing_controller/firmware/dual_edge_counter.vhd=work"
"C:/Users/AndrewPC1/Documents/GitHub/CoreCam_Firmware/timing_controller/firmware/edgedetect.vhd=work"
"C:/Users/AndrewPC1/Documents/GitHub/CoreCam_Firmware/timing_controller/firmware/video_generator.vhd=work"
"C:/Users/AndrewPC1/Documents/GitHub/CoreCam_Firmware/timing_controller/firmware/reset_generator_v0p1.vhd=work"
"C:/Users/AndrewPC1/Documents/GitHub/CoreCam_Firmware/timing_controller/firmware/timing_controller_top.vhd=work"
"C:/my_designs/pattern_generator/pattern_generator_v0p1/src/TestBench/ucontrolroicclk_TB.vhd"
